// Jest Snapshot v1, https://goo.gl/fbAQLP

exports[`a test testing posts 1`] = `
<article
  className="posts-main"
>
  <h1
    className="posts-title"
  >
    Posts
  </h1>
  <div
    className="posts-items"
  />
</article>
`;
